// Jest Snapshot v1, https://goo.gl/fbAQLP

exports[`Home should render correctly 1`] = `
<div
  className="home-container"
>
  <div
    className="home-textImageContainer"
  >
    <Fade
      top={true}
    >
      <p
        className="home-textImage"
      >
        Produtos para você que procura
        <br />
        por 
        <b>
          beleza e conforto
        </b>
      </p>
    </Fade>
    <img
      alt="background"
      className="home-backgroundImage"
      src=""
    />
  </div>
  <div
    className="home-whatWeOffer"
  >
    <p
      className="home-whatWeOfferTitle"
    >
      O que oferecemos
    </p>
    <div
      className="home-cards"
    >
      <Fade
        left={true}
      >
        <HomeCard
          image=""
          onClick={[Function]}
          title="Máscaras"
        />
        <HomeCard
          image=""
          onClick={[Function]}
          title="Tapetes"
        />
        <HomeCard
          image=""
          onClick={[Function]}
          title="Jogo Americano"
        />
      </Fade>
    </div>
  </div>
</div>
`;
