// Jest Snapshot v1, https://goo.gl/fbAQLP

exports[`Home should render correctly 1`] = `
<div
  className="home-container"
>
  <div
    className="home-textImageContainer"
  >
    <ForwardRef(MotionComponent)
      animate={
        Object {
          "y": 0,
        }
      }
      className="home-textImage"
      initial={
        Object {
          "y": "-100vh",
        }
      }
      transition={
        Object {
          "delay": 0.2,
        }
      }
    >
      Produtos para você que procura
      <br />
      por 
      <b>
        beleza e conforto
      </b>
    </ForwardRef(MotionComponent)>
    <img
      alt="background"
      className="home-backgroundImage"
      src=""
    />
  </div>
  <div
    className="home-whatWeOffer"
  >
    <p
      className="home-whatWeOfferTitle"
    >
      O que oferecemos
    </p>
    <div
      className="home-cards"
    >
      <HomeCard
        image=""
        onClick={[Function]}
        title="Máscaras"
      />
      <HomeCard
        image=""
        onClick={[Function]}
        title="Tapetes"
      />
      <HomeCard
        image=""
        onClick={[Function]}
        title="Jogo Americano"
      />
    </div>
  </div>
</div>
`;
