// Jest Snapshot v1, https://goo.gl/fbAQLP

exports[`GenericScreen should render correctly 1`] = `
<div
  className="genericScreen-container"
>
  <p
    className="genericScreen-title"
  >
    Test
  </p>
  <div
    className="genericScreen-content"
  >
    <ForwardRef(MotionComponent)
      animate={
        Object {
          "x": 0,
        }
      }
      initial={
        Object {
          "x": "-100vw",
        }
      }
      transition={
        Object {
          "delay": 0.2,
          "duration": 0.5,
        }
      }
    >
      This is a test
    </ForwardRef(MotionComponent)>
    <ForwardRef(MotionComponent)
      alt="genericScreen-svg"
      animate={
        Object {
          "x": 0,
        }
      }
      initial={
        Object {
          "x": "100vh",
        }
      }
      src=""
      transition={
        Object {
          "delay": 0.2,
          "duration": 0.5,
        }
      }
    />
  </div>
</div>
`;
