// Jest Snapshot v1, https://goo.gl/fbAQLP

exports[`Menu should render correctly 1`] = `
<div
  className="menu-container"
>
  <a
    aria-label="Open main menu"
    className="menu-toggle"
    href="#main-menu"
    id="main-menu-toggle"
  >
    <span
      className="sr-only"
    >
      Open main menu
    </span>
    <img
      alt="bars-menu-icon"
      aria-hidden="true"
      className="menu-svgBarsIcon"
      src=""
    />
  </a>
  <Link
    className="menu-titleLink"
    to="/"
  >
    <img
      alt="logo"
      className="menu-logo"
      src=""
    />
    <p
      className="menu-titleLogo"
    >
      Kushi Tezukuri
    </p>
  </Link>
  <nav
    aria-label="Main menu"
    className="main-menu"
    id="main-menu"
  >
    <a
      aria-label="Close main menu"
      className="menu-close"
      href="#main-menu-toggle"
      id="main-menu-close"
    >
      <span
        className="sr-only"
      >
        Close main menu
      </span>
      <img
        alt="close-menu-icon"
        aria-hidden="true"
        className="menu-svgCloseIcon"
        src=""
      />
    </a>
    <ul>
      <li>
        <Link
          to="/products"
        >
          Produtos
        </Link>
      </li>
      <li>
        <Link
          to="/about"
        >
          Quem somos
        </Link>
      </li>
      <li>
        <Link
          to="/ourStore"
        >
          Nossa loja
        </Link>
      </li>
      <li>
        <Link
          to="/cart"
        >
          Carrinho
        </Link>
      </li>
    </ul>
  </nav>
  <a
    aria-hidden="true"
    className="backdrop"
    hidden={true}
    href="#main-menu-toggle"
    tabIndex="-1"
  />
</div>
`;
